Inc:1 1 0 1 
    ^
Inc:0 1 0 1 
      ^
Inc:0 0 0 1 
        ^
Halt:0 0 1 1 
           ^
